SH SERIES C/C++ Compiler (Ver. 6.0C)                                                                 12-Aug-2012 14:12:00  PAGE    1

************ OBJECT LISTING ************

FILE NAME: D:\Anderain\fx-9860\DL2\dl2_pic.c

SCT OFFSET   CODE       C LABEL     INSTRUCTION OPERAND    COMMENT

       dl2_pic.c     1    #include "dl2_all.h"
       dl2_pic.c     2    
       dl2_pic.c     3    const uchar PIC_BACK[]=
       dl2_pic.c     4    {0xF8,0x70,0x1C,0x1C,0x0,0x0,0x0,0x3,0x80,0x0,0x0,0x0,0x0,0x7C,0x0,0x0,
       dl2_pic.c     5    0xFC,0x70,0x0,0x1C,0x0,0x0,0x0,0x3,0x80,0x0,0x0,0x0,0x0,0xEE,0x0,0x0,
       dl2_pic.c     6    0xEE,0x70,0x7C,0x3F,0x8F,0x9D,0xC7,0xC7,0xF7,0x73,0xB8,0xF8,0x0,0xEE,0x0,0x0,
       dl2_pic.c     7    0xEE,0x70,0x1C,0x1C,0x1D,0xDF,0xC0,0xE3,0x87,0x73,0xF9,0xDC,0x0,0xE,0x0,0x0,
       dl2_pic.c     8    0xEE,0x70,0x1C,0x1C,0x1D,0xDE,0x0,0xE3,0x87,0x73,0xC1,0xDC,0x0,0x1C,0x0,0x0,
       dl2_pic.c     9    0xEE,0x70,0x1C,0x1C,0x1F,0xDC,0x7,0xE3,0x87,0x73,0x81,0xFC,0x0,0x38,0x0,0x0,
       dl2_pic.c    10    0xEE,0x70,0x1C,0x1C,0x1C,0x1C,0xE,0xE3,0x87,0x73,0x81,0xC0,0x0,0x70,0x0,0x0,
       dl2_pic.c    11    0xFC,0x70,0x1C,0x1C,0x1C,0x1C,0xE,0xE3,0x87,0x73,0x81,0xC0,0x0,0xE0,0x0,0x0,
       dl2_pic.c    12    0xF8,0x7F,0x7F,0xF,0x8F,0x9C,0x7,0xE1,0xF3,0xF3,0x80,0xF8,0x0,0xFE,0x0,0x0,
       dl2_pic.c    13    0x0,0x0,0x0,0x0,0x0,0x0,0x0,0x0,0x0,0x0,0x0,0x0,0x0,0x0,0x0,0x0,
       dl2_pic.c    14    0x0,0x0,0x0,0x0,0x0,0x0,0x0,0x0,0x0,0x0,0x0,0x0,0x0,0x0,0x0,0x0,
       dl2_pic.c    15    0x0,0x0,0x0,0x0,0x0,0x0,0x0,0x0,0x0,0x0,0x0,0x0,0x0,0x0,0x0,0x0,
       dl2_pic.c    16    0x0,0x0,0x0,0x0,0x0,0x0,0x0,0x0,0x0,0x2,0x0,0x20,0x8,0x8,0x82,0x0,
       dl2_pic.c    17    0x0,0x0,0x0,0x0,0x0,0x0,0x0,0x0,0x0,0x2,0x0,0x10,0x5,0xFC,0x5F,0xC0,
       dl2_pic.c    18    0x0,0x0,0x0,0x0,0x0,0x0,0x0,0x0,0x0,0x3F,0xF7,0xFF,0x90,0x48,0x2,0x0,
       dl2_pic.c    19    0x0,0x0,0x0,0x0,0x0,0x0,0x0,0x0,0x0,0x22,0x10,0x84,0x12,0x88,0x1F,0xE0,
       dl2_pic.c    20    0x0,0x0,0x0,0x0,0x0,0x0,0x0,0x0,0x0,0x22,0x10,0x84,0x17,0xE9,0xC8,0x40,
       dl2_pic.c    21    0x0,0x0,0x0,0x0,0x0,0x0,0x0,0x0,0x0,0x22,0x10,0x44,0x14,0x28,0x45,0x0,
       dl2_pic.c    22    0x0,0x0,0x0,0x0,0x0,0x0,0x0,0x0,0x0,0x3F,0xF0,0x48,0x17,0xE8,0x51,0x0,
       dl2_pic.c    23    0x0,0x0,0x0,0x0,0x0,0x0,0x0,0x0,0x0,0x22,0x10,0x28,0x12,0x88,0x49,0x0,
       dl2_pic.c    24    0x0,0x0,0x0,0x0,0x0,0x0,0x0,0x0,0x0,0x2,0x0,0x10,0x12,0x88,0x5F,0xE0,
       dl2_pic.c    25    0x0,0x0,0x0,0x0,0x0,0x0,0x0,0x0,0x0,0x2,0x0,0x28,0x12,0xA8,0x63,0x0,
       dl2_pic.c    26    0x0,0x0,0x0,0x0,0x0,0x0,0x0,0x0,0x0,0x2,0x0,0xC6,0x1C,0x68,0x44,0x80,
       dl2_pic.c    27    0x0,0x0,0x0,0x0,0x0,0x0,0x0,0x0,0x0,0x2,0x7,0x1,0x90,0x18,0x18,0x40};
       dl2_pic.c    28    
       dl2_pic.c    29    const uchar PIC_FLS[]=
       dl2_pic.c    30    {0x0,0x0,0x0,0x0,
       dl2_pic.c    31    0x0,0x0,0x0,0x0,
       dl2_pic.c    32    0x3F,0xFF,0xFF,0xFC,
       dl2_pic.c    33    0x3F,0xFF,0xFF,0xFC,
       dl2_pic.c    34    0x38,0x0,0x0,0x3C,
       dl2_pic.c    35    0x3B,0xA1,0x1A,0xBC,
       dl2_pic.c    36    0x3A,0x22,0xA2,0xBC,
       dl2_pic.c    37    0x3B,0xA2,0x93,0xBC,
       dl2_pic.c    38    0x3A,0x23,0x8A,0xBC,
       dl2_pic.c    39    0x3A,0x22,0x8A,0xBC,
       dl2_pic.c    40    0x3A,0x3A,0xB2,0xBC,
       dl2_pic.c    41    0x38,0x0,0x0,0x3C,
       dl2_pic.c    42    0x3F,0xFF,0xFF,0xFC,
       dl2_pic.c    43    0x3F,0x0,0x0,0xC,
       dl2_pic.c    44    0x3E,0x7F,0xFF,0xEC,
       dl2_pic.c    45    0x3E,0x80,0x0,0x34,
       dl2_pic.c    46    0x3C,0x80,0x0,0x34,
       dl2_pic.c    47    0x3D,0x0,0x0,0x54,
       dl2_pic.c    48    0x39,0x0,0x0,0x54,
       dl2_pic.c    49    0x3A,0x0,0x0,0xA4,
       dl2_pic.c    50    0x32,0x0,0xF,0xFC,
       dl2_pic.c    51    0x34,0x0,0x8,0x8,
       dl2_pic.c    52    0x37,0xFF,0xFB,0xF0,
       dl2_pic.c    53    0x35,0x24,0x9B,0xE0,
       dl2_pic.c    54    0x36,0x49,0x2B,0xC0,




SH SERIES C/C++ Compiler (Ver. 6.0C)                                                                 12-Aug-2012 14:12:00  PAGE    2


SCT OFFSET   CODE       C LABEL     INSTRUCTION OPERAND    COMMENT

       dl2_pic.c    55    0x37,0xFF,0xFB,0x80,
       dl2_pic.c    56    0x34,0x92,0x4B,0x0,
       dl2_pic.c    57    0x30,0x0,0xA,0x0,
       dl2_pic.c    58    0x3F,0xFF,0xFC,0x0,
       dl2_pic.c    59    0x3F,0xFF,0xF8,0x0,
       dl2_pic.c    60    0x0,0x0,0x0,0x0,
       dl2_pic.c    61    0x0,0x0,0x0,0x0};
       dl2_pic.c    62    
       dl2_pic.c    63    const uchar PIC_CRD[]=
       dl2_pic.c    64    {0x0,0x0,0x0,0x0,
       dl2_pic.c    65    0xF,0xFF,0xFF,0xE0,
       dl2_pic.c    66    0xF,0xFF,0xFF,0xE0,
       dl2_pic.c    67    0xE,0x4F,0xFF,0xE0,
       dl2_pic.c    68    0xD,0xD7,0xFF,0xE0,
       dl2_pic.c    69    0xE,0xD7,0xFF,0xE0,
       dl2_pic.c    70    0xF,0x57,0xFF,0xE0,
       dl2_pic.c    71    0xC,0xCF,0xFF,0xE0,
       dl2_pic.c    72    0xF,0xFF,0xFF,0xE0,
       dl2_pic.c    73    0xF,0xFF,0xFF,0xE0,
       dl2_pic.c    74    0xE,0x6C,0xCF,0xE0,
       dl2_pic.c    75    0xD,0xD5,0x57,0xE0,
       dl2_pic.c    76    0xD,0xC4,0xD7,0xE0,
       dl2_pic.c    77    0xD,0xD5,0x57,0xE0,
       dl2_pic.c    78    0xE,0x55,0x4F,0xE0,
       dl2_pic.c    79    0xF,0xFF,0xFF,0xE0,
       dl2_pic.c    80    0xF,0xFF,0xFF,0xE0,
       dl2_pic.c    81    0xF,0xFF,0xFF,0xE0,
       dl2_pic.c    82    0xF,0xFF,0xFF,0xE0,
       dl2_pic.c    83    0xF,0xFF,0xFF,0xE0,
       dl2_pic.c    84    0xF,0xFF,0xFF,0xE0,
       dl2_pic.c    85    0xF,0xF9,0x24,0xE0,
       dl2_pic.c    86    0xF,0x19,0x24,0xE0,
       dl2_pic.c    87    0xF,0x19,0x24,0xE0,
       dl2_pic.c    88    0xF,0x19,0x24,0xE0,
       dl2_pic.c    89    0xF,0x99,0x24,0xE0,
       dl2_pic.c    90    0xF,0xD9,0x24,0xE0,
       dl2_pic.c    91    0x7,0xF9,0x24,0xE0,
       dl2_pic.c    92    0x3,0xFF,0xFF,0xE0,
       dl2_pic.c    93    0x1,0xFF,0xFF,0xE0,
       dl2_pic.c    94    0x0,0xFF,0xFF,0xE0,
       dl2_pic.c    95    0x0,0x0,0x0,0x0};
C   00000000              _PIC_BACK:                       ; static: PIC_BACK
    00000000 F8701C1C00             .DATA.B     H'F8,H'70,H'1C,H'1C,H'00,H'00,H'00,H'03,H'80,H'00,H'00,H'00,H'00,H'7C,H'00,H'00,
             0000038000 +                       H'FC,H'70,H'00,H'1C,H'00,H'00,H'00,H'03,H'80,H'00,H'00,H'00,H'00,H'EE,H'00,H'00,
             0000007C00 +                       H'EE,H'70,H'7C,H'3F,H'8F,H'9D,H'C7,H'C7,H'F7,H'73,H'B8,H'F8,H'00,H'EE,H'00,H'00,
             00FC70001C +                       H'EE,H'70,H'1C,H'1C,H'1D,H'DF,H'C0,H'E3,H'87,H'73,H'F9,H'DC,H'00,H'0E,H'00,H'00,
             0000000380 +                       H'EE,H'70,H'1C,H'1C,H'1D,H'DE,H'00,H'E3,H'87,H'73,H'C1,H'DC,H'00,H'1C,H'00,H'00,
             00000000EE +                       H'EE,H'70,H'1C,H'1C,H'1F,H'DC,H'07,H'E3,H'87,H'73,H'81,H'FC,H'00,H'38,H'00,H'00,
             0000EE707C +                       H'EE,H'70,H'1C,H'1C,H'1C,H'1C,H'0E,H'E3,H'87,H'73,H'81,H'C0,H'00,H'70,H'00,H'00,
             3F8F9DC7C7 +                       H'FC,H'70,H'1C,H'1C,H'1C,H'1C,H'0E,H'E3,H'87,H'73,H'81,H'C0,H'00,H'E0,H'00,H'00,
             F773B8F800 +                       H'F8,H'7F,H'7F,H'0F,H'8F,H'9C,H'07,H'E1,H'F3,H'F3,H'80,H'F8,H'00,H'FE,H'00,H'00,
             EE0000EE70 +                       H'00,H'00,H'00,H'00,H'00,H'00,H'00,H'00,H'00,H'00,H'00,H'00,H'00,H'00,H'00,H'00,
             1C1C1DDFC0 +                       H'00,H'00,H'00,H'00,H'00,H'00,H'00,H'00,H'00,H'00,H'00,H'00,H'00,H'00,H'00,H'00,
             E38773F9DC +                       H'00,H'00,H'00,H'00,H'00,H'00,H'00,H'00,H'00,H'00,H'00,H'00,H'00,H'00,H'00,H'00,
             000E0000EE +                       H'00,H'00,H'00,H'00,H'00,H'00,H'00,H'00,H'00,H'02,H'00,H'20,H'08,H'08,H'82,H'00,
             701C1C1DDE +                       H'00,H'00,H'00,H'00
             00E38773C1   




SH SERIES C/C++ Compiler (Ver. 6.0C)                                                                 12-Aug-2012 14:12:00  PAGE    3


SCT OFFSET   CODE       C LABEL     INSTRUCTION OPERAND    COMMENT

             DC001C0000   
             EE701C1C1F   
             DC07E38773   
             81FC003800   
             00EE701C1C   
             1C1C0EE387   
             7381C00070   
             0000FC701C   
             1C1C1C0EE3   
             877381C000   
             E00000F87F   
             7F0F8F9C07   
             E1F3F380F8   
             00FE000000   
             0000000000   
             0000000000   
             0000000000   
             0000000000   
             0000000000   
             0000000000   
             0000000000   
             0000000000   
             0000000000   
             0000000000   
             0000000000   
             0002002008   
             0882000000   
             0000         
    000000D4 0000000000             .DATA.B     H'00,H'00,H'00,H'00,H'00,H'02,H'00,H'10,H'05,H'FC,H'5F,H'C0,H'00,H'00,H'00,H'00,
             02001005FC +                       H'00,H'00,H'00,H'00,H'00,H'3F,H'F7,H'FF,H'90,H'48,H'02,H'00,H'00,H'00,H'00,H'00,
             5FC0000000 +                       H'00,H'00,H'00,H'00,H'00,H'22,H'10,H'84,H'12,H'88,H'1F,H'E0,H'00,H'00,H'00,H'00,
             0000000000 +                       H'00,H'00,H'00,H'00,H'00,H'22,H'10,H'84,H'17,H'E9,H'C8,H'40,H'00,H'00,H'00,H'00,
             003FF7FF90 +                       H'00,H'00,H'00,H'00,H'00,H'22,H'10,H'44,H'14,H'28,H'45,H'00,H'00,H'00,H'00,H'00,
             4802000000 +                       H'00,H'00,H'00,H'00,H'00,H'3F,H'F0,H'48,H'17,H'E8,H'51,H'00,H'00,H'00,H'00,H'00,
             0000000000 +                       H'00,H'00,H'00,H'00,H'00,H'22,H'10,H'28,H'12,H'88,H'49,H'00,H'00,H'00,H'00,H'00,
             0000221084 +                       H'00,H'00,H'00,H'00,H'00,H'02,H'00,H'10,H'12,H'88,H'5F,H'E0,H'00,H'00,H'00,H'00,
             12881FE000 +                       H'00,H'00,H'00,H'00,H'00,H'02,H'00,H'28,H'12,H'A8,H'63,H'00,H'00,H'00,H'00,H'00,
             0000000000 +                       H'00,H'00,H'00,H'00,H'00,H'02,H'00,H'C6,H'1C,H'68,H'44,H'80,H'00,H'00,H'00,H'00,
             0000002210 +                       H'00,H'00,H'00,H'00,H'00,H'02,H'07,H'01,H'90,H'18,H'18,H'40
             8417E9C840   
             0000000000   
             0000000022   
             1044142845   
             0000000000   
             0000000000   
             3FF04817E8   
             5100000000   
             0000000000   
             0022102812   
             8849000000   
             0000000000   
             0000020010   
             12885FE000   
             0000000000   
             0000000200   
             2812A86300   
             0000000000   




SH SERIES C/C++ Compiler (Ver. 6.0C)                                                                 12-Aug-2012 14:12:00  PAGE    4


SCT OFFSET   CODE       C LABEL     INSTRUCTION OPERAND    COMMENT

             0000000002   
             00C61C6844   
             8000000000   
             0000000000   
             0207019018   
             1840         
    00000180              _PIC_FLS:                        ; static: PIC_FLS
    00000180 0000000000             .DATA.B     H'00,H'00,H'00,H'00,H'00,H'00,H'00,H'00,H'3F,H'FF,H'FF,H'FC,H'3F,H'FF,H'FF,H'FC,
             0000003FFF +                       H'38,H'00,H'00,H'3C,H'3B,H'A1,H'1A,H'BC,H'3A,H'22,H'A2,H'BC,H'3B,H'A2,H'93,H'BC,
             FFFC3FFFFF +                       H'3A,H'23,H'8A,H'BC,H'3A,H'22,H'8A,H'BC,H'3A,H'3A,H'B2,H'BC,H'38,H'00,H'00,H'3C,
             FC3800003C +                       H'3F,H'FF,H'FF,H'FC,H'3F,H'00,H'00,H'0C,H'3E,H'7F,H'FF,H'EC,H'3E,H'80,H'00,H'34,
             3BA11ABC3A +                       H'3C,H'80,H'00,H'34,H'3D,H'00,H'00,H'54,H'39,H'00,H'00,H'54,H'3A,H'00,H'00,H'A4,
             22A2BC3BA2 +                       H'32,H'00,H'0F,H'FC,H'34,H'00,H'08,H'08,H'37,H'FF,H'FB,H'F0,H'35,H'24,H'9B,H'E0,
             93BC3A238A +                       H'36,H'49,H'2B,H'C0,H'37,H'FF,H'FB,H'80,H'34,H'92,H'4B,H'00,H'30,H'00,H'0A,H'00,
             BC3A228ABC +                       H'3F,H'FF,H'FC,H'00,H'3F,H'FF,H'F8,H'00,H'00,H'00,H'00,H'00,H'00,H'00,H'00,H'00
             3A3AB2BC38   
             00003C3FFF   
             FFFC3F0000   
             0C3E7FFFEC   
             3E8000343C   
             8000343D00   
             0054390000   
             543A0000A4   
             32000FFC34   
             00080837FF   
             FBF035249B   
             E036492BC0   
             37FFFB8034   
             924B003000   
             0A003FFFFC   
             003FFFF800   
             0000000000   
             000000       
    00000200              _PIC_CRD:                        ; static: PIC_CRD
    00000200 000000000F             .DATA.B     H'00,H'00,H'00,H'00,H'0F,H'FF,H'FF,H'E0,H'0F,H'FF,H'FF,H'E0,H'0E,H'4F,H'FF,H'E0,
             FFFFE00FFF +                       H'0D,H'D7,H'FF,H'E0,H'0E,H'D7,H'FF,H'E0,H'0F,H'57,H'FF,H'E0,H'0C,H'CF,H'FF,H'E0,
             FFE00E4FFF +                       H'0F,H'FF,H'FF,H'E0,H'0F,H'FF,H'FF,H'E0,H'0E,H'6C,H'CF,H'E0,H'0D,H'D5,H'57,H'E0,
             E00DD7FFE0 +                       H'0D,H'C4,H'D7,H'E0,H'0D,H'D5,H'57,H'E0,H'0E,H'55,H'4F,H'E0,H'0F,H'FF,H'FF,H'E0,
             0ED7FFE00F +                       H'0F,H'FF,H'FF,H'E0,H'0F,H'FF,H'FF,H'E0,H'0F,H'FF,H'FF,H'E0,H'0F,H'FF,H'FF,H'E0,
             57FFE00CCF +                       H'0F,H'FF,H'FF,H'E0,H'0F,H'F9,H'24,H'E0,H'0F,H'19,H'24,H'E0,H'0F,H'19,H'24,H'E0,
             FFE00FFFFF +                       H'0F,H'19,H'24,H'E0,H'0F,H'99,H'24,H'E0,H'0F,H'D9,H'24,H'E0,H'07,H'F9,H'24,H'E0,
             E00FFFFFE0 +                       H'03,H'FF,H'FF,H'E0,H'01,H'FF,H'FF,H'E0,H'00,H'FF,H'FF,H'E0,H'00,H'00,H'00,H'00
             0E6CCFE00D   
             D557E00DC4   
             D7E00DD557   
             E00E554FE0   
             0FFFFFE00F   
             FFFFE00FFF   
             FFE00FFFFF   
             E00FFFFFE0   
             0FFFFFE00F   
             F924E00F19   
             24E00F1924   
             E00F1924E0   
             0F9924E00F   
             D924E007F9   
             24E003FFFF   




SH SERIES C/C++ Compiler (Ver. 6.0C)                                                                 12-Aug-2012 14:12:00  PAGE    5


SCT OFFSET   CODE       C LABEL     INSTRUCTION OPERAND    COMMENT

             E001FFFFE0   
             00FFFFE000   
             000000       


























































SH SERIES C/C++ Compiler (Ver. 6.0C)                                                                 12-Aug-2012 14:12:00  PAGE    1


******** STATISTICS INFORMATION ********


********** ERROR INFORMATION ***********

NUMBER OF ERRORS:           0
NUMBER OF WARNINGS:         0




******* SOURCE LINE INFORMATION ********

COMPILED SOURCE LINE:       95



******* SECTION SIZE INFORMATION *******

PROGRAM  SECTION (P):                               00000000 Byte(s)
CONSTANT SECTION (C):                               00000280 Byte(s)
DATA     SECTION (D):                               00000000 Byte(s)
BSS      SECTION (B):                               00000000 Byte(s)

 TOTAL PROGRAM SIZE: 00000280 Byte(s)



********** LABEL INFORMATION ***********

NUMBER OF EXTERNAL REFERENCE SYMBOLS:            0
NUMBER OF EXTERNAL DEFINITION SYMBOLS:           3
NUMBER OF INTERNAL/EXTERNAL SYMBOLS:             3






























*** COMMAND PARAMETER ***


  -subcommand=C:\DOCUME~1\ADMINI~1\LOCALS~1\Temp\hmk233.tmp 

